Analysis & Synthesis report for Multiplier
Sat Feb 09 02:28:08 2019
Quartus Prime Version 18.0.0 Build 614 04/24/2018 SJ Lite Edition


---------------------
; Table of Contents ;
---------------------
  1. Legal Notice
  2. Analysis & Synthesis Summary
  3. Analysis & Synthesis Settings
  4. Parallel Compilation
  5. Analysis & Synthesis Source Files Read
  6. Analysis & Synthesis Resource Usage Summary
  7. Analysis & Synthesis Resource Utilization by Entity
  8. State Machine - |Multiplier|controlUnit:CU|current_state
  9. State Machine - |Multiplier|controlUnit:CU|next_state
 10. Registers Removed During Synthesis
 11. Removed Registers Triggering Further Register Optimizations
 12. General Register Statistics
 13. Multiplexer Restructuring Statistics (Restructuring Performed)
 14. Port Connectivity Checks: "counter8:Counter|RippleCarryAdder8bit:stepper"
 15. Port Connectivity Checks: "ArithmaticUnit:AU|RippleCarrySubtractor8bit:Subtractor|RippleCarryAdder8bit:inverter"
 16. Port Connectivity Checks: "ArithmaticUnit:AU|RippleCarrySubtractor8bit:Subtractor"
 17. Port Connectivity Checks: "ArithmaticUnit:AU|RippleCarryAdder8bit:Adder|FullAdder:FA1"
 18. Port Connectivity Checks: "ArithmaticUnit:AU|RippleCarryAdder8bit:Adder"
 19. Post-Synthesis Netlist Statistics for Top Partition
 20. Elapsed Time Per Partition
 21. Analysis & Synthesis Messages
 22. Analysis & Synthesis Suppressed Messages



----------------
; Legal Notice ;
----------------
Copyright (C) 2018  Intel Corporation. All rights reserved.
Your use of Intel Corporation's design tools, logic functions 
and other software and tools, and its AMPP partner logic 
functions, and any output files from any of the foregoing 
(including device programming or simulation files), and any 
associated documentation or information are expressly subject 
to the terms and conditions of the Intel Program License 
Subscription Agreement, the Intel Quartus Prime License Agreement,
the Intel FPGA IP License Agreement, or other applicable license
agreement, including, without limitation, that your use is for
the sole purpose of programming logic devices manufactured by
Intel and sold by Intel or its authorized distributors.  Please
refer to the applicable agreement for further details.



+----------------------------------------------------------------------------------+
; Analysis & Synthesis Summary                                                     ;
+------------------------------------+---------------------------------------------+
; Analysis & Synthesis Status        ; Successful - Sat Feb 09 02:28:08 2019       ;
; Quartus Prime Version              ; 18.0.0 Build 614 04/24/2018 SJ Lite Edition ;
; Revision Name                      ; Multiplier                                  ;
; Top-level Entity Name              ; Multiplier                                  ;
; Family                             ; Cyclone IV E                                ;
; Total logic elements               ; 111                                         ;
;     Total combinational functions  ; 98                                          ;
;     Dedicated logic registers      ; 62                                          ;
; Total registers                    ; 62                                          ;
; Total pins                         ; 57                                          ;
; Total virtual pins                 ; 0                                           ;
; Total memory bits                  ; 0                                           ;
; Embedded Multiplier 9-bit elements ; 0                                           ;
; Total PLLs                         ; 0                                           ;
+------------------------------------+---------------------------------------------+


+------------------------------------------------------------------------------------------------------------+
; Analysis & Synthesis Settings                                                                              ;
+------------------------------------------------------------------+--------------------+--------------------+
; Option                                                           ; Setting            ; Default Value      ;
+------------------------------------------------------------------+--------------------+--------------------+
; Device                                                           ; EP4CE115F29C7      ;                    ;
; Top-level entity name                                            ; Multiplier         ; Multiplier         ;
; Family name                                                      ; Cyclone IV E       ; Cyclone V          ;
; Use smart compilation                                            ; Off                ; Off                ;
; Enable parallel Assembler and Timing Analyzer during compilation ; On                 ; On                 ;
; Enable compact report table                                      ; Off                ; Off                ;
; Restructure Multiplexers                                         ; Auto               ; Auto               ;
; Create Debugging Nodes for IP Cores                              ; Off                ; Off                ;
; Preserve fewer node names                                        ; On                 ; On                 ;
; Intel FPGA IP Evaluation Mode                                    ; Enable             ; Enable             ;
; Verilog Version                                                  ; Verilog_2001       ; Verilog_2001       ;
; VHDL Version                                                     ; VHDL_1993          ; VHDL_1993          ;
; State Machine Processing                                         ; Auto               ; Auto               ;
; Safe State Machine                                               ; Off                ; Off                ;
; Extract Verilog State Machines                                   ; On                 ; On                 ;
; Extract VHDL State Machines                                      ; On                 ; On                 ;
; Ignore Verilog initial constructs                                ; Off                ; Off                ;
; Iteration limit for constant Verilog loops                       ; 5000               ; 5000               ;
; Iteration limit for non-constant Verilog loops                   ; 250                ; 250                ;
; Add Pass-Through Logic to Inferred RAMs                          ; On                 ; On                 ;
; Infer RAMs from Raw Logic                                        ; On                 ; On                 ;
; Parallel Synthesis                                               ; On                 ; On                 ;
; DSP Block Balancing                                              ; Auto               ; Auto               ;
; NOT Gate Push-Back                                               ; On                 ; On                 ;
; Power-Up Don't Care                                              ; On                 ; On                 ;
; Remove Redundant Logic Cells                                     ; Off                ; Off                ;
; Remove Duplicate Registers                                       ; On                 ; On                 ;
; Ignore CARRY Buffers                                             ; Off                ; Off                ;
; Ignore CASCADE Buffers                                           ; Off                ; Off                ;
; Ignore GLOBAL Buffers                                            ; Off                ; Off                ;
; Ignore ROW GLOBAL Buffers                                        ; Off                ; Off                ;
; Ignore LCELL Buffers                                             ; Off                ; Off                ;
; Ignore SOFT Buffers                                              ; On                 ; On                 ;
; Limit AHDL Integers to 32 Bits                                   ; Off                ; Off                ;
; Optimization Technique                                           ; Balanced           ; Balanced           ;
; Carry Chain Length                                               ; 70                 ; 70                 ;
; Auto Carry Chains                                                ; On                 ; On                 ;
; Auto Open-Drain Pins                                             ; On                 ; On                 ;
; Perform WYSIWYG Primitive Resynthesis                            ; Off                ; Off                ;
; Auto ROM Replacement                                             ; On                 ; On                 ;
; Auto RAM Replacement                                             ; On                 ; On                 ;
; Auto DSP Block Replacement                                       ; On                 ; On                 ;
; Auto Shift Register Replacement                                  ; Auto               ; Auto               ;
; Allow Shift Register Merging across Hierarchies                  ; Auto               ; Auto               ;
; Auto Clock Enable Replacement                                    ; On                 ; On                 ;
; Strict RAM Replacement                                           ; Off                ; Off                ;
; Allow Synchronous Control Signals                                ; On                 ; On                 ;
; Force Use of Synchronous Clear Signals                           ; Off                ; Off                ;
; Auto RAM Block Balancing                                         ; On                 ; On                 ;
; Auto RAM to Logic Cell Conversion                                ; Off                ; Off                ;
; Auto Resource Sharing                                            ; Off                ; Off                ;
; Allow Any RAM Size For Recognition                               ; Off                ; Off                ;
; Allow Any ROM Size For Recognition                               ; Off                ; Off                ;
; Allow Any Shift Register Size For Recognition                    ; Off                ; Off                ;
; Use LogicLock Constraints during Resource Balancing              ; On                 ; On                 ;
; Ignore translate_off and synthesis_off directives                ; Off                ; Off                ;
; Timing-Driven Synthesis                                          ; On                 ; On                 ;
; Report Parameter Settings                                        ; On                 ; On                 ;
; Report Source Assignments                                        ; On                 ; On                 ;
; Report Connectivity Checks                                       ; On                 ; On                 ;
; Ignore Maximum Fan-Out Assignments                               ; Off                ; Off                ;
; Synchronization Register Chain Length                            ; 2                  ; 2                  ;
; Power Optimization During Synthesis                              ; Normal compilation ; Normal compilation ;
; HDL message level                                                ; Level2             ; Level2             ;
; Suppress Register Optimization Related Messages                  ; Off                ; Off                ;
; Number of Removed Registers Reported in Synthesis Report         ; 5000               ; 5000               ;
; Number of Swept Nodes Reported in Synthesis Report               ; 5000               ; 5000               ;
; Number of Inverted Registers Reported in Synthesis Report        ; 100                ; 100                ;
; Clock MUX Protection                                             ; On                 ; On                 ;
; Auto Gated Clock Conversion                                      ; Off                ; Off                ;
; Block Design Naming                                              ; Auto               ; Auto               ;
; SDC constraint protection                                        ; Off                ; Off                ;
; Synthesis Effort                                                 ; Auto               ; Auto               ;
; Shift Register Replacement - Allow Asynchronous Clear Signal     ; On                 ; On                 ;
; Pre-Mapping Resynthesis Optimization                             ; Off                ; Off                ;
; Analysis & Synthesis Message Level                               ; Medium             ; Medium             ;
; Disable Register Merging Across Hierarchies                      ; Auto               ; Auto               ;
; Resource Aware Inference For Block RAM                           ; On                 ; On                 ;
+------------------------------------------------------------------+--------------------+--------------------+


+------------------------------------------+
; Parallel Compilation                     ;
+----------------------------+-------------+
; Processors                 ; Number      ;
+----------------------------+-------------+
; Number detected on machine ; 16          ;
; Maximum allowed            ; 16          ;
;                            ;             ;
; Average used               ; 1.00        ;
; Maximum used               ; 16          ;
;                            ;             ;
; Usage by Processor         ; % Time Used ;
;     Processor 1            ; 100.0%      ;
;     Processors 2-16        ;   0.0%      ;
+----------------------------+-------------+


+--------------------------------------------------------------------------------------------------------------------------------------------------------------------------+
; Analysis & Synthesis Source Files Read                                                                                                                                   ;
+----------------------------------+-----------------+------------------------------+----------------------------------------------------------------------------+---------+
; File Name with User-Entered Path ; Used in Netlist ; File Type                    ; File Name with Absolute Path                                               ; Library ;
+----------------------------------+-----------------+------------------------------+----------------------------------------------------------------------------+---------+
; ShiftRegister.sv                 ; yes             ; User SystemVerilog HDL File  ; C:/Users/Brock/School/ECE385/GitLab/ece385/Lab5/ShiftRegister.sv           ;         ;
; RippleCarryAdder.sv              ; yes             ; User SystemVerilog HDL File  ; C:/Users/Brock/School/ECE385/GitLab/ece385/Lab5/RippleCarryAdder.sv        ;         ;
; ArithmaticUnit.sv                ; yes             ; User SystemVerilog HDL File  ; C:/Users/Brock/School/ECE385/GitLab/ece385/Lab5/ArithmaticUnit.sv          ;         ;
; 8BitMultiplier-toplevel.sv       ; yes             ; User SystemVerilog HDL File  ; C:/Users/Brock/School/ECE385/GitLab/ece385/Lab5/8BitMultiplier-toplevel.sv ;         ;
; counter.sv                       ; yes             ; User SystemVerilog HDL File  ; C:/Users/Brock/School/ECE385/GitLab/ece385/Lab5/counter.sv                 ;         ;
; controlUnit.sv                   ; yes             ; User SystemVerilog HDL File  ; C:/Users/Brock/School/ECE385/GitLab/ece385/Lab5/controlUnit.sv             ;         ;
+----------------------------------+-----------------+------------------------------+----------------------------------------------------------------------------+---------+


+---------------------------------------------------------+
; Analysis & Synthesis Resource Usage Summary             ;
+---------------------------------------------+-----------+
; Resource                                    ; Usage     ;
+---------------------------------------------+-----------+
; Estimated Total logic elements              ; 111       ;
;                                             ;           ;
; Total combinational functions               ; 98        ;
; Logic element usage by number of LUT inputs ;           ;
;     -- 4 input functions                    ; 60        ;
;     -- 3 input functions                    ; 21        ;
;     -- <=2 input functions                  ; 17        ;
;                                             ;           ;
; Logic elements by mode                      ;           ;
;     -- normal mode                          ; 98        ;
;     -- arithmetic mode                      ; 0         ;
;                                             ;           ;
; Total registers                             ; 62        ;
;     -- Dedicated logic registers            ; 62        ;
;     -- I/O registers                        ; 0         ;
;                                             ;           ;
; I/O pins                                    ; 57        ;
;                                             ;           ;
; Embedded Multiplier 9-bit elements          ; 0         ;
;                                             ;           ;
; Maximum fan-out node                        ; clk~input ;
; Maximum fan-out                             ; 62        ;
; Total fan-out                               ; 581       ;
; Average fan-out                             ; 2.12      ;
+---------------------------------------------+-----------+


+---------------------------------------------------------------------------------------------------------------------------------------------------------------------------------------------------------------------------------------------------------------------------------------------------------------------------------------+
; Analysis & Synthesis Resource Utilization by Entity                                                                                                                                                                                                                                                                                   ;
+----------------------------------------------+---------------------+---------------------------+-------------+--------------+---------+-----------+------+--------------+------------------------------------------------------------------------------------------------------------------+---------------------------+--------------+
; Compilation Hierarchy Node                   ; Combinational ALUTs ; Dedicated Logic Registers ; Memory Bits ; DSP Elements ; DSP 9x9 ; DSP 18x18 ; Pins ; Virtual Pins ; Full Hierarchy Name                                                                                              ; Entity Name               ; Library Name ;
+----------------------------------------------+---------------------+---------------------------+-------------+--------------+---------+-----------+------+--------------+------------------------------------------------------------------------------------------------------------------+---------------------------+--------------+
; |Multiplier                                  ; 98 (0)              ; 62 (0)                    ; 0           ; 0            ; 0       ; 0         ; 57   ; 0            ; |Multiplier                                                                                                      ; Multiplier                ; work         ;
;    |ArithmaticUnit:AU|                       ; 68 (29)             ; 39 (23)                   ; 0           ; 0            ; 0       ; 0         ; 0    ; 0            ; |Multiplier|ArithmaticUnit:AU                                                                                    ; ArithmaticUnit            ; work         ;
;       |RippleCarryAdder8bit:Adder|           ; 8 (0)               ; 0 (0)                     ; 0           ; 0            ; 0       ; 0         ; 0    ; 0            ; |Multiplier|ArithmaticUnit:AU|RippleCarryAdder8bit:Adder                                                         ; RippleCarryAdder8bit      ; work         ;
;          |FullAdder:FA2|                     ; 1 (1)               ; 0 (0)                     ; 0           ; 0            ; 0       ; 0         ; 0    ; 0            ; |Multiplier|ArithmaticUnit:AU|RippleCarryAdder8bit:Adder|FullAdder:FA2                                           ; FullAdder                 ; work         ;
;          |FullAdder:FA3|                     ; 1 (1)               ; 0 (0)                     ; 0           ; 0            ; 0       ; 0         ; 0    ; 0            ; |Multiplier|ArithmaticUnit:AU|RippleCarryAdder8bit:Adder|FullAdder:FA3                                           ; FullAdder                 ; work         ;
;          |FullAdder:FA5|                     ; 3 (3)               ; 0 (0)                     ; 0           ; 0            ; 0       ; 0         ; 0    ; 0            ; |Multiplier|ArithmaticUnit:AU|RippleCarryAdder8bit:Adder|FullAdder:FA5                                           ; FullAdder                 ; work         ;
;          |FullAdder:FA6|                     ; 1 (1)               ; 0 (0)                     ; 0           ; 0            ; 0       ; 0         ; 0    ; 0            ; |Multiplier|ArithmaticUnit:AU|RippleCarryAdder8bit:Adder|FullAdder:FA6                                           ; FullAdder                 ; work         ;
;          |FullAdder:FA8|                     ; 2 (2)               ; 0 (0)                     ; 0           ; 0            ; 0       ; 0         ; 0    ; 0            ; |Multiplier|ArithmaticUnit:AU|RippleCarryAdder8bit:Adder|FullAdder:FA8                                           ; FullAdder                 ; work         ;
;       |RippleCarrySubtractor8bit:Subtractor| ; 13 (0)              ; 0 (0)                     ; 0           ; 0            ; 0       ; 0         ; 0    ; 0            ; |Multiplier|ArithmaticUnit:AU|RippleCarrySubtractor8bit:Subtractor                                               ; RippleCarrySubtractor8bit ; work         ;
;          |RippleCarryAdder8bit:inverter|     ; 6 (0)               ; 0 (0)                     ; 0           ; 0            ; 0       ; 0         ; 0    ; 0            ; |Multiplier|ArithmaticUnit:AU|RippleCarrySubtractor8bit:Subtractor|RippleCarryAdder8bit:inverter                 ; RippleCarryAdder8bit      ; work         ;
;             |FullAdder:FA2|                  ; 1 (1)               ; 0 (0)                     ; 0           ; 0            ; 0       ; 0         ; 0    ; 0            ; |Multiplier|ArithmaticUnit:AU|RippleCarrySubtractor8bit:Subtractor|RippleCarryAdder8bit:inverter|FullAdder:FA2   ; FullAdder                 ; work         ;
;             |FullAdder:FA3|                  ; 1 (1)               ; 0 (0)                     ; 0           ; 0            ; 0       ; 0         ; 0    ; 0            ; |Multiplier|ArithmaticUnit:AU|RippleCarrySubtractor8bit:Subtractor|RippleCarryAdder8bit:inverter|FullAdder:FA3   ; FullAdder                 ; work         ;
;             |FullAdder:FA4|                  ; 1 (1)               ; 0 (0)                     ; 0           ; 0            ; 0       ; 0         ; 0    ; 0            ; |Multiplier|ArithmaticUnit:AU|RippleCarrySubtractor8bit:Subtractor|RippleCarryAdder8bit:inverter|FullAdder:FA4   ; FullAdder                 ; work         ;
;             |FullAdder:FA5|                  ; 1 (1)               ; 0 (0)                     ; 0           ; 0            ; 0       ; 0         ; 0    ; 0            ; |Multiplier|ArithmaticUnit:AU|RippleCarrySubtractor8bit:Subtractor|RippleCarryAdder8bit:inverter|FullAdder:FA5   ; FullAdder                 ; work         ;
;             |FullAdder:FA6|                  ; 1 (1)               ; 0 (0)                     ; 0           ; 0            ; 0       ; 0         ; 0    ; 0            ; |Multiplier|ArithmaticUnit:AU|RippleCarrySubtractor8bit:Subtractor|RippleCarryAdder8bit:inverter|FullAdder:FA6   ; FullAdder                 ; work         ;
;             |FullAdder:FA7|                  ; 1 (1)               ; 0 (0)                     ; 0           ; 0            ; 0       ; 0         ; 0    ; 0            ; |Multiplier|ArithmaticUnit:AU|RippleCarrySubtractor8bit:Subtractor|RippleCarryAdder8bit:inverter|FullAdder:FA7   ; FullAdder                 ; work         ;
;          |RippleCarryAdder8bit:subtractor|   ; 7 (0)               ; 0 (0)                     ; 0           ; 0            ; 0       ; 0         ; 0    ; 0            ; |Multiplier|ArithmaticUnit:AU|RippleCarrySubtractor8bit:Subtractor|RippleCarryAdder8bit:subtractor               ; RippleCarryAdder8bit      ; work         ;
;             |FullAdder:FA2|                  ; 2 (2)               ; 0 (0)                     ; 0           ; 0            ; 0       ; 0         ; 0    ; 0            ; |Multiplier|ArithmaticUnit:AU|RippleCarrySubtractor8bit:Subtractor|RippleCarryAdder8bit:subtractor|FullAdder:FA2 ; FullAdder                 ; work         ;
;             |FullAdder:FA3|                  ; 1 (1)               ; 0 (0)                     ; 0           ; 0            ; 0       ; 0         ; 0    ; 0            ; |Multiplier|ArithmaticUnit:AU|RippleCarrySubtractor8bit:Subtractor|RippleCarryAdder8bit:subtractor|FullAdder:FA3 ; FullAdder                 ; work         ;
;             |FullAdder:FA4|                  ; 1 (1)               ; 0 (0)                     ; 0           ; 0            ; 0       ; 0         ; 0    ; 0            ; |Multiplier|ArithmaticUnit:AU|RippleCarrySubtractor8bit:Subtractor|RippleCarryAdder8bit:subtractor|FullAdder:FA4 ; FullAdder                 ; work         ;
;             |FullAdder:FA5|                  ; 1 (1)               ; 0 (0)                     ; 0           ; 0            ; 0       ; 0         ; 0    ; 0            ; |Multiplier|ArithmaticUnit:AU|RippleCarrySubtractor8bit:Subtractor|RippleCarryAdder8bit:subtractor|FullAdder:FA5 ; FullAdder                 ; work         ;
;             |FullAdder:FA6|                  ; 1 (1)               ; 0 (0)                     ; 0           ; 0            ; 0       ; 0         ; 0    ; 0            ; |Multiplier|ArithmaticUnit:AU|RippleCarrySubtractor8bit:Subtractor|RippleCarryAdder8bit:subtractor|FullAdder:FA6 ; FullAdder                 ; work         ;
;             |FullAdder:FA7|                  ; 1 (1)               ; 0 (0)                     ; 0           ; 0            ; 0       ; 0         ; 0    ; 0            ; |Multiplier|ArithmaticUnit:AU|RippleCarrySubtractor8bit:Subtractor|RippleCarryAdder8bit:subtractor|FullAdder:FA7 ; FullAdder                 ; work         ;
;       |ShiftRegister:A|                      ; 9 (9)               ; 8 (8)                     ; 0           ; 0            ; 0       ; 0         ; 0    ; 0            ; |Multiplier|ArithmaticUnit:AU|ShiftRegister:A                                                                    ; ShiftRegister             ; work         ;
;       |ShiftRegister:B|                      ; 9 (9)               ; 8 (8)                     ; 0           ; 0            ; 0       ; 0         ; 0    ; 0            ; |Multiplier|ArithmaticUnit:AU|ShiftRegister:B                                                                    ; ShiftRegister             ; work         ;
;    |controlUnit:CU|                          ; 18 (18)             ; 15 (15)                   ; 0           ; 0            ; 0       ; 0         ; 0    ; 0            ; |Multiplier|controlUnit:CU                                                                                       ; controlUnit               ; work         ;
;    |counter8:Counter|                        ; 12 (9)              ; 8 (8)                     ; 0           ; 0            ; 0       ; 0         ; 0    ; 0            ; |Multiplier|counter8:Counter                                                                                     ; counter8                  ; work         ;
;       |RippleCarryAdder8bit:stepper|         ; 3 (0)               ; 0 (0)                     ; 0           ; 0            ; 0       ; 0         ; 0    ; 0            ; |Multiplier|counter8:Counter|RippleCarryAdder8bit:stepper                                                        ; RippleCarryAdder8bit      ; work         ;
;          |FullAdder:FA4|                     ; 2 (2)               ; 0 (0)                     ; 0           ; 0            ; 0       ; 0         ; 0    ; 0            ; |Multiplier|counter8:Counter|RippleCarryAdder8bit:stepper|FullAdder:FA4                                          ; FullAdder                 ; work         ;
;          |FullAdder:FA6|                     ; 1 (1)               ; 0 (0)                     ; 0           ; 0            ; 0       ; 0         ; 0    ; 0            ; |Multiplier|counter8:Counter|RippleCarryAdder8bit:stepper|FullAdder:FA6                                          ; FullAdder                 ; work         ;
+----------------------------------------------+---------------------+---------------------------+-------------+--------------+---------+-----------+------+--------------+------------------------------------------------------------------------------------------------------------------+---------------------------+--------------+
Note: For table entries with two numbers listed, the numbers in parentheses indicate the number of resources of the given type used by the specific entity alone. The numbers listed outside of parentheses indicate the total resources of the given type used by the specific entity and all of its sub-entities in the hierarchy.


Encoding Type:  One-Hot
+--------------------------------------------------------------------------------------------------------------------------------------------------------------------------------------------------------------------------+
; State Machine - |Multiplier|controlUnit:CU|current_state                                                                                                                                                                 ;
+--------------------------+----------------------+-----------------------+---------------------+--------------------------+--------------------------+-----------------------+----------------------+---------------------+
; Name                     ; current_state.INCCST ; current_state.SHIFTST ; current_state.ADDST ; current_state.CCOMPAREST ; current_state.RSTCOUNTST ; current_state.RESETST ; current_state.CALBST ; current_state.NOPST ;
+--------------------------+----------------------+-----------------------+---------------------+--------------------------+--------------------------+-----------------------+----------------------+---------------------+
; current_state.NOPST      ; 0                    ; 0                     ; 0                   ; 0                        ; 0                        ; 0                     ; 0                    ; 0                   ;
; current_state.CALBST     ; 0                    ; 0                     ; 0                   ; 0                        ; 0                        ; 0                     ; 1                    ; 1                   ;
; current_state.RESETST    ; 0                    ; 0                     ; 0                   ; 0                        ; 0                        ; 1                     ; 0                    ; 1                   ;
; current_state.RSTCOUNTST ; 0                    ; 0                     ; 0                   ; 0                        ; 1                        ; 0                     ; 0                    ; 1                   ;
; current_state.CCOMPAREST ; 0                    ; 0                     ; 0                   ; 1                        ; 0                        ; 0                     ; 0                    ; 1                   ;
; current_state.ADDST      ; 0                    ; 0                     ; 1                   ; 0                        ; 0                        ; 0                     ; 0                    ; 1                   ;
; current_state.SHIFTST    ; 0                    ; 1                     ; 0                   ; 0                        ; 0                        ; 0                     ; 0                    ; 1                   ;
; current_state.INCCST     ; 1                    ; 0                     ; 0                   ; 0                        ; 0                        ; 0                     ; 0                    ; 1                   ;
+--------------------------+----------------------+-----------------------+---------------------+--------------------------+--------------------------+-----------------------+----------------------+---------------------+


Encoding Type:  One-Hot
+-----------------------------------------------------------------------------------------------------------------------------------------------------------------------------------------------+
; State Machine - |Multiplier|controlUnit:CU|next_state                                                                                                                                         ;
+-----------------------+-------------------+--------------------+------------------+-----------------------+-----------------------+--------------------+-------------------+------------------+
; Name                  ; next_state.INCCST ; next_state.SHIFTST ; next_state.ADDST ; next_state.CCOMPAREST ; next_state.RSTCOUNTST ; next_state.RESETST ; next_state.CALBST ; next_state.NOPST ;
+-----------------------+-------------------+--------------------+------------------+-----------------------+-----------------------+--------------------+-------------------+------------------+
; next_state.NOPST      ; 0                 ; 0                  ; 0                ; 0                     ; 0                     ; 0                  ; 0                 ; 0                ;
; next_state.CALBST     ; 0                 ; 0                  ; 0                ; 0                     ; 0                     ; 0                  ; 1                 ; 1                ;
; next_state.RESETST    ; 0                 ; 0                  ; 0                ; 0                     ; 0                     ; 1                  ; 0                 ; 1                ;
; next_state.RSTCOUNTST ; 0                 ; 0                  ; 0                ; 0                     ; 1                     ; 0                  ; 0                 ; 1                ;
; next_state.CCOMPAREST ; 0                 ; 0                  ; 0                ; 1                     ; 0                     ; 0                  ; 0                 ; 1                ;
; next_state.ADDST      ; 0                 ; 0                  ; 1                ; 0                     ; 0                     ; 0                  ; 0                 ; 1                ;
; next_state.SHIFTST    ; 0                 ; 1                  ; 0                ; 0                     ; 0                     ; 0                  ; 0                 ; 1                ;
; next_state.INCCST     ; 1                 ; 0                  ; 0                ; 0                     ; 0                     ; 0                  ; 0                 ; 1                ;
+-----------------------+-------------------+--------------------+------------------+-----------------------+-----------------------+--------------------+-------------------+------------------+


+--------------------------------------------------------------+
; Registers Removed During Synthesis                           ;
+-----------------------------------------+--------------------+
; Register name                           ; Reason for Removal ;
+-----------------------------------------+--------------------+
; controlUnit:CU|current_state~10         ; Lost fanout        ;
; controlUnit:CU|current_state~11         ; Lost fanout        ;
; controlUnit:CU|current_state~12         ; Lost fanout        ;
; controlUnit:CU|current_state~13         ; Lost fanout        ;
; controlUnit:CU|current_state~14         ; Lost fanout        ;
; controlUnit:CU|current_state~15         ; Lost fanout        ;
; controlUnit:CU|current_state~16         ; Lost fanout        ;
; controlUnit:CU|current_state~17         ; Lost fanout        ;
; controlUnit:CU|next_state~4             ; Lost fanout        ;
; controlUnit:CU|next_state~5             ; Lost fanout        ;
; controlUnit:CU|next_state~6             ; Lost fanout        ;
; controlUnit:CU|next_state~7             ; Lost fanout        ;
; controlUnit:CU|next_state~8             ; Lost fanout        ;
; controlUnit:CU|next_state~9             ; Lost fanout        ;
; controlUnit:CU|next_state~10            ; Lost fanout        ;
; controlUnit:CU|next_state~11            ; Lost fanout        ;
; controlUnit:CU|current_state.NOPST      ; Lost fanout        ;
; controlUnit:CU|current_state.CALBST     ; Lost fanout        ;
; controlUnit:CU|current_state.RESETST    ; Lost fanout        ;
; controlUnit:CU|current_state.RSTCOUNTST ; Lost fanout        ;
; controlUnit:CU|current_state.CCOMPAREST ; Lost fanout        ;
; controlUnit:CU|current_state.ADDST      ; Lost fanout        ;
; controlUnit:CU|current_state.SHIFTST    ; Lost fanout        ;
; controlUnit:CU|current_state.INCCST     ; Lost fanout        ;
; Total Number of Removed Registers = 24  ;                    ;
+-----------------------------------------+--------------------+


+--------------------------------------------------------------------------------------------------------------------------------------+
; Removed Registers Triggering Further Register Optimizations                                                                          ;
+---------------------------------+--------------------+-------------------------------------------------------------------------------+
; Register name                   ; Reason for Removal ; Registers Removed due to This Register                                        ;
+---------------------------------+--------------------+-------------------------------------------------------------------------------+
; controlUnit:CU|current_state~10 ; Lost Fanouts       ; controlUnit:CU|current_state.CALBST, controlUnit:CU|current_state.RSTCOUNTST, ;
;                                 ;                    ; controlUnit:CU|current_state.ADDST, controlUnit:CU|current_state.INCCST       ;
; controlUnit:CU|current_state~11 ; Lost Fanouts       ; controlUnit:CU|current_state.RESETST, controlUnit:CU|current_state.SHIFTST    ;
; controlUnit:CU|current_state~12 ; Lost Fanouts       ; controlUnit:CU|current_state.CCOMPAREST                                       ;
+---------------------------------+--------------------+-------------------------------------------------------------------------------+


+------------------------------------------------------+
; General Register Statistics                          ;
+----------------------------------------------+-------+
; Statistic                                    ; Value ;
+----------------------------------------------+-------+
; Total registers                              ; 62    ;
; Number of registers using Synchronous Clear  ; 0     ;
; Number of registers using Synchronous Load   ; 0     ;
; Number of registers using Asynchronous Clear ; 0     ;
; Number of registers using Asynchronous Load  ; 0     ;
; Number of registers using Clock Enable       ; 46    ;
; Number of registers using Preset             ; 0     ;
+----------------------------------------------+-------+


+-------------------------------------------------------------------------------------------------------------------------------------------------------------------------+
; Multiplexer Restructuring Statistics (Restructuring Performed)                                                                                                          ;
+--------------------+-----------+---------------+----------------------+------------------------+------------+-----------------------------------------------------------+
; Multiplexer Inputs ; Bus Width ; Baseline Area ; Area if Restructured ; Saving if Restructured ; Registered ; Example Multiplexer Output                                ;
+--------------------+-----------+---------------+----------------------+------------------------+------------+-----------------------------------------------------------+
; 3:1                ; 7 bits    ; 14 LEs        ; 7 LEs                ; 7 LEs                  ; Yes        ; |Multiplier|ArithmaticUnit:AU|ALoadData[7]                ;
; 3:1                ; 8 bits    ; 16 LEs        ; 8 LEs                ; 8 LEs                  ; Yes        ; |Multiplier|counter8:Counter|count[0]                     ;
; 3:1                ; 2 bits    ; 4 LEs         ; 2 LEs                ; 2 LEs                  ; Yes        ; |Multiplier|controlUnit:CU|add                            ;
; 4:1                ; 8 bits    ; 16 LEs        ; 16 LEs               ; 0 LEs                  ; Yes        ; |Multiplier|ArithmaticUnit:AU|ShiftRegister:A|data_out[2] ;
; 4:1                ; 8 bits    ; 16 LEs        ; 16 LEs               ; 0 LEs                  ; Yes        ; |Multiplier|ArithmaticUnit:AU|ShiftRegister:B|data_out[6] ;
+--------------------+-----------+---------------+----------------------+------------------------+------------+-----------------------------------------------------------+


+---------------------------------------------------------------------------+
; Port Connectivity Checks: "counter8:Counter|RippleCarryAdder8bit:stepper" ;
+---------+--------+----------+---------------------------------------------+
; Port    ; Type   ; Severity ; Details                                     ;
+---------+--------+----------+---------------------------------------------+
; B[7..1] ; Input  ; Info     ; Stuck at GND                                ;
; B[0]    ; Input  ; Info     ; Stuck at VCC                                ;
; CO      ; Output ; Info     ; Explicitly unconnected                      ;
+---------+--------+----------+---------------------------------------------+


+------------------------------------------------------------------------------------------------------------------+
; Port Connectivity Checks: "ArithmaticUnit:AU|RippleCarrySubtractor8bit:Subtractor|RippleCarryAdder8bit:inverter" ;
+---------+--------+----------+------------------------------------------------------------------------------------+
; Port    ; Type   ; Severity ; Details                                                                            ;
+---------+--------+----------+------------------------------------------------------------------------------------+
; A[7..1] ; Input  ; Info     ; Stuck at GND                                                                       ;
; A[0]    ; Input  ; Info     ; Stuck at VCC                                                                       ;
; CO      ; Output ; Info     ; Explicitly unconnected                                                             ;
+---------+--------+----------+------------------------------------------------------------------------------------+


+----------------------------------------------------------------------------------------------------------------+
; Port Connectivity Checks: "ArithmaticUnit:AU|RippleCarrySubtractor8bit:Subtractor"                             ;
+------+--------+----------+-------------------------------------------------------------------------------------+
; Port ; Type   ; Severity ; Details                                                                             ;
+------+--------+----------+-------------------------------------------------------------------------------------+
; CO   ; Output ; Info     ; Connected to dangling logic. Logic that only feeds a dangling port will be removed. ;
+------+--------+----------+-------------------------------------------------------------------------------------+


+----------------------------------------------------------------------------------------+
; Port Connectivity Checks: "ArithmaticUnit:AU|RippleCarryAdder8bit:Adder|FullAdder:FA1" ;
+------+-------+----------+--------------------------------------------------------------+
; Port ; Type  ; Severity ; Details                                                      ;
+------+-------+----------+--------------------------------------------------------------+
; C    ; Input ; Info     ; Stuck at GND                                                 ;
+------+-------+----------+--------------------------------------------------------------+


+----------------------------------------------------------------------------------------------------------------+
; Port Connectivity Checks: "ArithmaticUnit:AU|RippleCarryAdder8bit:Adder"                                       ;
+------+--------+----------+-------------------------------------------------------------------------------------+
; Port ; Type   ; Severity ; Details                                                                             ;
+------+--------+----------+-------------------------------------------------------------------------------------+
; CO   ; Output ; Info     ; Connected to dangling logic. Logic that only feeds a dangling port will be removed. ;
+------+--------+----------+-------------------------------------------------------------------------------------+


+-----------------------------------------------------+
; Post-Synthesis Netlist Statistics for Top Partition ;
+-----------------------+-----------------------------+
; Type                  ; Count                       ;
+-----------------------+-----------------------------+
; boundary_port         ; 57                          ;
; cycloneiii_ff         ; 62                          ;
;     ENA               ; 46                          ;
;     plain             ; 16                          ;
; cycloneiii_lcell_comb ; 99                          ;
;     normal            ; 99                          ;
;         0 data inputs ; 1                           ;
;         2 data inputs ; 17                          ;
;         3 data inputs ; 21                          ;
;         4 data inputs ; 60                          ;
;                       ;                             ;
; Max LUT depth         ; 8.00                        ;
; Average LUT depth     ; 3.08                        ;
+-----------------------+-----------------------------+


+-------------------------------+
; Elapsed Time Per Partition    ;
+----------------+--------------+
; Partition Name ; Elapsed Time ;
+----------------+--------------+
; Top            ; 00:00:00     ;
+----------------+--------------+


+-------------------------------+
; Analysis & Synthesis Messages ;
+-------------------------------+
Info: *******************************************************************
Info: Running Quartus Prime Analysis & Synthesis
    Info: Version 18.0.0 Build 614 04/24/2018 SJ Lite Edition
    Info: Processing started: Sat Feb 09 02:27:58 2019
Info: Command: quartus_map --read_settings_files=on --write_settings_files=off Multiplier -c Multiplier
Warning (18236): Number of processors has not been specified which may cause overloading on shared machines.  Set the global assignment NUM_PARALLEL_PROCESSORS in your QSF to an appropriate value for best performance.
Info (20030): Parallel compilation is enabled and will use 16 of the 16 processors detected
Info (12021): Found 1 design units, including 1 entities, in source file shiftregister.sv
    Info (12023): Found entity 1: ShiftRegister File: C:/Users/Brock/School/ECE385/GitLab/ece385/Lab5/ShiftRegister.sv Line: 1
Info (12021): Found 3 design units, including 3 entities, in source file ripplecarryadder.sv
    Info (12023): Found entity 1: FullAdder File: C:/Users/Brock/School/ECE385/GitLab/ece385/Lab5/RippleCarryAdder.sv Line: 1
    Info (12023): Found entity 2: RippleCarryAdder8bit File: C:/Users/Brock/School/ECE385/GitLab/ece385/Lab5/RippleCarryAdder.sv Line: 20
    Info (12023): Found entity 3: RippleCarrySubtractor8bit File: C:/Users/Brock/School/ECE385/GitLab/ece385/Lab5/RippleCarryAdder.sv Line: 43
Info (12021): Found 1 design units, including 1 entities, in source file arithmaticunit.sv
    Info (12023): Found entity 1: ArithmaticUnit File: C:/Users/Brock/School/ECE385/GitLab/ece385/Lab5/ArithmaticUnit.sv Line: 1
Info (12021): Found 1 design units, including 1 entities, in source file 8bitmultiplier-toplevel.sv
    Info (12023): Found entity 1: Multiplier File: C:/Users/Brock/School/ECE385/GitLab/ece385/Lab5/8BitMultiplier-toplevel.sv Line: 1
Info (12021): Found 1 design units, including 1 entities, in source file testbench.sv
    Info (12023): Found entity 1: testbench File: C:/Users/Brock/School/ECE385/GitLab/ece385/Lab5/testbench.sv Line: 1
Info (12021): Found 1 design units, including 1 entities, in source file hexdriver.sv
    Info (12023): Found entity 1: HexDriver File: C:/Users/Brock/School/ECE385/GitLab/ece385/Lab5/HexDriver.sv Line: 1
Info (12021): Found 1 design units, including 1 entities, in source file mux8.sv
    Info (12023): Found entity 1: mux8 File: C:/Users/Brock/School/ECE385/GitLab/ece385/Lab5/mux8.sv Line: 1
Info (12021): Found 1 design units, including 1 entities, in source file counter.sv
    Info (12023): Found entity 1: counter8 File: C:/Users/Brock/School/ECE385/GitLab/ece385/Lab5/counter.sv Line: 1
Info (12021): Found 1 design units, including 1 entities, in source file controlunit.sv
    Info (12023): Found entity 1: controlUnit File: C:/Users/Brock/School/ECE385/GitLab/ece385/Lab5/controlUnit.sv Line: 14
Info (12127): Elaborating entity "Multiplier" for the top level hierarchy
Warning (10034): Output port "AhexU" at 8BitMultiplier-toplevel.sv(12) has no driver File: C:/Users/Brock/School/ECE385/GitLab/ece385/Lab5/8BitMultiplier-toplevel.sv Line: 12
Warning (10034): Output port "AhexL" at 8BitMultiplier-toplevel.sv(13) has no driver File: C:/Users/Brock/School/ECE385/GitLab/ece385/Lab5/8BitMultiplier-toplevel.sv Line: 13
Warning (10034): Output port "BhexU" at 8BitMultiplier-toplevel.sv(14) has no driver File: C:/Users/Brock/School/ECE385/GitLab/ece385/Lab5/8BitMultiplier-toplevel.sv Line: 14
Warning (10034): Output port "BhexL" at 8BitMultiplier-toplevel.sv(16) has no driver File: C:/Users/Brock/School/ECE385/GitLab/ece385/Lab5/8BitMultiplier-toplevel.sv Line: 16
Info (12128): Elaborating entity "ArithmaticUnit" for hierarchy "ArithmaticUnit:AU" File: C:/Users/Brock/School/ECE385/GitLab/ece385/Lab5/8BitMultiplier-toplevel.sv Line: 39
Info (12128): Elaborating entity "RippleCarryAdder8bit" for hierarchy "ArithmaticUnit:AU|RippleCarryAdder8bit:Adder" File: C:/Users/Brock/School/ECE385/GitLab/ece385/Lab5/ArithmaticUnit.sv Line: 36
Info (12128): Elaborating entity "FullAdder" for hierarchy "ArithmaticUnit:AU|RippleCarryAdder8bit:Adder|FullAdder:FA1" File: C:/Users/Brock/School/ECE385/GitLab/ece385/Lab5/RippleCarryAdder.sv Line: 30
Info (12128): Elaborating entity "RippleCarrySubtractor8bit" for hierarchy "ArithmaticUnit:AU|RippleCarrySubtractor8bit:Subtractor" File: C:/Users/Brock/School/ECE385/GitLab/ece385/Lab5/ArithmaticUnit.sv Line: 44
Info (12128): Elaborating entity "ShiftRegister" for hierarchy "ArithmaticUnit:AU|ShiftRegister:A" File: C:/Users/Brock/School/ECE385/GitLab/ece385/Lab5/ArithmaticUnit.sv Line: 56
Info (12128): Elaborating entity "controlUnit" for hierarchy "controlUnit:CU" File: C:/Users/Brock/School/ECE385/GitLab/ece385/Lab5/8BitMultiplier-toplevel.sv Line: 57
Info (12128): Elaborating entity "counter8" for hierarchy "counter8:Counter" File: C:/Users/Brock/School/ECE385/GitLab/ece385/Lab5/8BitMultiplier-toplevel.sv Line: 66
Warning (13024): Output pins are stuck at VCC or GND
    Warning (13410): Pin "AhexU[0]" is stuck at GND File: C:/Users/Brock/School/ECE385/GitLab/ece385/Lab5/8BitMultiplier-toplevel.sv Line: 12
    Warning (13410): Pin "AhexU[1]" is stuck at GND File: C:/Users/Brock/School/ECE385/GitLab/ece385/Lab5/8BitMultiplier-toplevel.sv Line: 12
    Warning (13410): Pin "AhexU[2]" is stuck at GND File: C:/Users/Brock/School/ECE385/GitLab/ece385/Lab5/8BitMultiplier-toplevel.sv Line: 12
    Warning (13410): Pin "AhexU[3]" is stuck at GND File: C:/Users/Brock/School/ECE385/GitLab/ece385/Lab5/8BitMultiplier-toplevel.sv Line: 12
    Warning (13410): Pin "AhexU[4]" is stuck at GND File: C:/Users/Brock/School/ECE385/GitLab/ece385/Lab5/8BitMultiplier-toplevel.sv Line: 12
    Warning (13410): Pin "AhexU[5]" is stuck at GND File: C:/Users/Brock/School/ECE385/GitLab/ece385/Lab5/8BitMultiplier-toplevel.sv Line: 12
    Warning (13410): Pin "AhexU[6]" is stuck at GND File: C:/Users/Brock/School/ECE385/GitLab/ece385/Lab5/8BitMultiplier-toplevel.sv Line: 12
    Warning (13410): Pin "AhexL[0]" is stuck at GND File: C:/Users/Brock/School/ECE385/GitLab/ece385/Lab5/8BitMultiplier-toplevel.sv Line: 13
    Warning (13410): Pin "AhexL[1]" is stuck at GND File: C:/Users/Brock/School/ECE385/GitLab/ece385/Lab5/8BitMultiplier-toplevel.sv Line: 13
    Warning (13410): Pin "AhexL[2]" is stuck at GND File: C:/Users/Brock/School/ECE385/GitLab/ece385/Lab5/8BitMultiplier-toplevel.sv Line: 13
    Warning (13410): Pin "AhexL[3]" is stuck at GND File: C:/Users/Brock/School/ECE385/GitLab/ece385/Lab5/8BitMultiplier-toplevel.sv Line: 13
    Warning (13410): Pin "AhexL[4]" is stuck at GND File: C:/Users/Brock/School/ECE385/GitLab/ece385/Lab5/8BitMultiplier-toplevel.sv Line: 13
    Warning (13410): Pin "AhexL[5]" is stuck at GND File: C:/Users/Brock/School/ECE385/GitLab/ece385/Lab5/8BitMultiplier-toplevel.sv Line: 13
    Warning (13410): Pin "AhexL[6]" is stuck at GND File: C:/Users/Brock/School/ECE385/GitLab/ece385/Lab5/8BitMultiplier-toplevel.sv Line: 13
    Warning (13410): Pin "BhexU[0]" is stuck at GND File: C:/Users/Brock/School/ECE385/GitLab/ece385/Lab5/8BitMultiplier-toplevel.sv Line: 14
    Warning (13410): Pin "BhexU[1]" is stuck at GND File: C:/Users/Brock/School/ECE385/GitLab/ece385/Lab5/8BitMultiplier-toplevel.sv Line: 14
    Warning (13410): Pin "BhexU[2]" is stuck at GND File: C:/Users/Brock/School/ECE385/GitLab/ece385/Lab5/8BitMultiplier-toplevel.sv Line: 14
    Warning (13410): Pin "BhexU[3]" is stuck at GND File: C:/Users/Brock/School/ECE385/GitLab/ece385/Lab5/8BitMultiplier-toplevel.sv Line: 14
    Warning (13410): Pin "BhexU[4]" is stuck at GND File: C:/Users/Brock/School/ECE385/GitLab/ece385/Lab5/8BitMultiplier-toplevel.sv Line: 14
    Warning (13410): Pin "BhexU[5]" is stuck at GND File: C:/Users/Brock/School/ECE385/GitLab/ece385/Lab5/8BitMultiplier-toplevel.sv Line: 14
    Warning (13410): Pin "BhexU[6]" is stuck at GND File: C:/Users/Brock/School/ECE385/GitLab/ece385/Lab5/8BitMultiplier-toplevel.sv Line: 14
    Warning (13410): Pin "BhexL[0]" is stuck at GND File: C:/Users/Brock/School/ECE385/GitLab/ece385/Lab5/8BitMultiplier-toplevel.sv Line: 16
    Warning (13410): Pin "BhexL[1]" is stuck at GND File: C:/Users/Brock/School/ECE385/GitLab/ece385/Lab5/8BitMultiplier-toplevel.sv Line: 16
    Warning (13410): Pin "BhexL[2]" is stuck at GND File: C:/Users/Brock/School/ECE385/GitLab/ece385/Lab5/8BitMultiplier-toplevel.sv Line: 16
    Warning (13410): Pin "BhexL[3]" is stuck at GND File: C:/Users/Brock/School/ECE385/GitLab/ece385/Lab5/8BitMultiplier-toplevel.sv Line: 16
    Warning (13410): Pin "BhexL[4]" is stuck at GND File: C:/Users/Brock/School/ECE385/GitLab/ece385/Lab5/8BitMultiplier-toplevel.sv Line: 16
    Warning (13410): Pin "BhexL[5]" is stuck at GND File: C:/Users/Brock/School/ECE385/GitLab/ece385/Lab5/8BitMultiplier-toplevel.sv Line: 16
    Warning (13410): Pin "BhexL[6]" is stuck at GND File: C:/Users/Brock/School/ECE385/GitLab/ece385/Lab5/8BitMultiplier-toplevel.sv Line: 16
Info (286030): Timing-Driven Synthesis is running
Info (17049): 24 registers lost all their fanouts during netlist optimizations.
Info (144001): Generated suppressed messages file C:/Users/Brock/School/ECE385/GitLab/ece385/Lab5/output_files/Multiplier.map.smsg
Info (16010): Generating hard_block partition "hard_block:auto_generated_inst"
    Info (16011): Adding 0 node(s), including 0 DDIO, 0 PLL, 0 transceiver and 0 LCELL
Info (21057): Implemented 170 device resources after synthesis - the final resource count might be different
    Info (21058): Implemented 12 input pins
    Info (21059): Implemented 45 output pins
    Info (21061): Implemented 113 logic cells
Info: Quartus Prime Analysis & Synthesis was successful. 0 errors, 34 warnings
    Info: Peak virtual memory: 4860 megabytes
    Info: Processing ended: Sat Feb 09 02:28:08 2019
    Info: Elapsed time: 00:00:10
    Info: Total CPU time (on all processors): 00:00:23


+------------------------------------------+
; Analysis & Synthesis Suppressed Messages ;
+------------------------------------------+
The suppressed messages can be found in C:/Users/Brock/School/ECE385/GitLab/ece385/Lab5/output_files/Multiplier.map.smsg.


